// Jest Snapshot v1, https://goo.gl/fbAQLP

exports[`<Home /> tests snapshot: renders default state 1`] = `
ShallowWrapper {
  "length": 1,
  Symbol(enzyme.__root__): [Circular],
  Symbol(enzyme.__unrendered__): <Home />,
  Symbol(enzyme.__renderer__): Object {
    "batchedUpdates": [Function],
    "getNode": [Function],
    "render": [Function],
    "simulateEvent": [Function],
    "unmount": [Function],
  },
  Symbol(enzyme.__node__): Object {
    "instance": null,
    "key": undefined,
    "nodeType": "host",
    "props": Object {
      "children": <withScriptjs(withGoogleMap(Map))
        containerElement={
                <div
                        className=""
                />
        }
        googleMapURL="https://maps.googleapis.com/maps/api/js?key=AIzaSyDte3SPQoQY9L2tkAPFAJcld-TFdlGleWs&v=3.exp&libraries=geometry,drawing,places"
        loadingElement={
                <div
                        style={
                                Object {
                                        "height": "100%",
                                      }
                        }
                />
        }
        mapElement={
                <div
                        className=""
                />
        }
/>,
    },
    "ref": null,
    "rendered": Object {
      "instance": null,
      "key": undefined,
      "nodeType": "class",
      "props": Object {
        "containerElement": <div
          className=""
/>,
        "googleMapURL": "https://maps.googleapis.com/maps/api/js?key=AIzaSyDte3SPQoQY9L2tkAPFAJcld-TFdlGleWs&v=3.exp&libraries=geometry,drawing,places",
        "loadingElement": <div
          style={
                    Object {
                              "height": "100%",
                            }
          }
/>,
        "mapElement": <div
          className=""
/>,
      },
      "ref": null,
      "rendered": null,
      "type": [Function],
    },
    "type": "div",
  },
  Symbol(enzyme.__nodes__): Array [
    Object {
      "instance": null,
      "key": undefined,
      "nodeType": "host",
      "props": Object {
        "children": <withScriptjs(withGoogleMap(Map))
          containerElement={
                    <div
                              className=""
                    />
          }
          googleMapURL="https://maps.googleapis.com/maps/api/js?key=AIzaSyDte3SPQoQY9L2tkAPFAJcld-TFdlGleWs&v=3.exp&libraries=geometry,drawing,places"
          loadingElement={
                    <div
                              style={
                                        Object {
                                                  "height": "100%",
                                                }
                              }
                    />
          }
          mapElement={
                    <div
                              className=""
                    />
          }
/>,
      },
      "ref": null,
      "rendered": Object {
        "instance": null,
        "key": undefined,
        "nodeType": "class",
        "props": Object {
          "containerElement": <div
            className=""
/>,
          "googleMapURL": "https://maps.googleapis.com/maps/api/js?key=AIzaSyDte3SPQoQY9L2tkAPFAJcld-TFdlGleWs&v=3.exp&libraries=geometry,drawing,places",
          "loadingElement": <div
            style={
                        Object {
                                    "height": "100%",
                                  }
            }
/>,
          "mapElement": <div
            className=""
/>,
        },
        "ref": null,
        "rendered": null,
        "type": [Function],
      },
      "type": "div",
    },
  ],
  Symbol(enzyme.__options__): Object {
    "adapter": ReactSixteenAdapter {
      "options": Object {
        "enableComponentDidUpdateOnSetState": true,
      },
    },
  },
}
`;
